
> posttruncate-com@0.0.1 prebuild
> node scripts/optimize-images.mjs

optimize-images: 66 source(s) → 0 variant(s) generated, 263 cached.
  manifest: D:\AICodingProjects\PostTruncate.com\public\og\optimized\manifest.json

> posttruncate-com@0.0.1 build
> astro build

[2m20:47:34[22m [34m[@astrojs/cloudflare][39m Enabling sessions with Cloudflare KV with the "SESSION" KV binding.
[2m20:47:34[22m [34m[@astrojs/cloudflare][39m If you see the error "Invalid binding `SESSION`" in your build output, you need to add the binding to your wrangler config file.
[33m[1m20:47:34[22m [WARN] [adapter][39m Cloudflare does not support sharp at runtime. However, you can configure `imageService: "compile"` to optimize images with sharp on prerendered pages during build time.
[2m20:47:35[22m [34m[content][39m Syncing content
[2m20:47:35[22m [34m[content][39m Synced content
[2m20:47:35[22m [34m[types][39m Generated [2m821ms[22m
[2m20:47:35[22m [34m[build][39m output: [34m"static"[39m
[2m20:47:35[22m [34m[build][39m mode: [34m"server"[39m
[2m20:47:35[22m [34m[build][39m directory: [34mD:\AICodingProjects\PostTruncate.com\dist\[39m
[2m20:47:35[22m [34m[build][39m adapter: [32m@astrojs/cloudflare[39m
[2m20:47:35[22m [34m[build][39m Collecting build info...
[2m20:47:35[22m [34m[build][39m [32m✓ Completed in 860ms.[39m
^C^C